// Jest Snapshot v1, https://goo.gl/fbAQLP

exports[`MainHeader component renders correctly 1`] = `
<div>
  <header
    class="relative border-b border-gray-300  bg-white h-[12vh] min-h-[80px] lg:h-[18vh] lg:min-h-[120px] shadow-sm"
  >
    <div
      class="container px-6 h-full max-w-screen flex justify-between items-center gap-4"
    >
      <div
        class="flex-shrink-0 ml-4 lg:ml-8 size-18 md:size-22 lg:size-32"
      >
        <a
          class="text-2xl lg:text-3xl font-bold text-gray-800"
          href="/"
        >
          <img
            alt="Logo"
            class="w-auto h-auto"
            data-nimg="1"
            decoding="async"
            height="40"
            loading="lazy"
            src="/_next/image?url=%2Fimg.jpg&w=96&q=75"
            srcset="/_next/image?url=%2Fimg.jpg&w=48&q=75 1x, /_next/image?url=%2Fimg.jpg&w=96&q=75 2x"
            style="color: transparent;"
            width="40"
          />
        </a>
      </div>
      <div
        class="flex-grow flex justify-end h-full"
      >
        <div
          class="w-full h-full"
          style="opacity: 0;"
        >
          <div
            class="hidden lg:flex flex-col justify-between h-full mr-4"
          >
            <div
              class="flex justify-end items-center gap-6 mt-8 text-sm text-gray-500"
            >
              <div
                class="relative"
              >
                <button
                  class="flex items-center gap-1 hover:text-[#5C1B23]"
                >
                  Quick Links
                  <div>
                    <svg
                      aria-hidden="true"
                      class="lucide lucide-chevron-down"
                      fill="none"
                      height="16"
                      stroke="currentColor"
                      stroke-linecap="round"
                      stroke-linejoin="round"
                      stroke-width="2"
                      viewBox="0 0 24 24"
                      width="16"
                      xmlns="http://www.w3.org/2000/svg"
                    >
                      <path
                        d="m6 9 6 6 6-6"
                      />
                    </svg>
                  </div>
                </button>
              </div>
              <a
                class="text-gray-700 hover:text-[#5C1B23] transition-colors duration-300 "
                href="/donate"
              >
                Donate
              </a>
              <a
                class="text-gray-700 hover:text-[#5C1B23] transition-colors duration-300 "
                href="/store"
              >
                Store
              </a>
              <button
                aria-label="Open search"
                class="hover:text-[#5C1B23]"
              >
                <svg
                  aria-hidden="true"
                  class="lucide lucide-search"
                  fill="none"
                  height="18"
                  stroke="currentColor"
                  stroke-linecap="round"
                  stroke-linejoin="round"
                  stroke-width="2"
                  viewBox="0 0 24 24"
                  width="18"
                  xmlns="http://www.w3.org/2000/svg"
                >
                  <path
                    d="m21 21-4.34-4.34"
                  />
                  <circle
                    cx="11"
                    cy="11"
                    r="8"
                  />
                </svg>
              </button>
            </div>
            <nav
              class="flex justify-end items-center gap-6 mb-4 font-medium"
            >
              <a
                class="text-gray-700 hover:text-[#5C1B23] transition-colors duration-300 text-base"
                href="/about"
              >
                About
              </a>
              <a
                class="text-gray-700 hover:text-[#5C1B23] transition-colors duration-300 text-base"
                href="/programs"
              >
                Programs
              </a>
              <a
                class="text-gray-700 hover:text-[#5C1B23] transition-colors duration-300 text-base"
                href="/events"
              >
                News & Events
              </a>
              <a
                class="text-gray-700 hover:text-[#5C1B23] transition-colors duration-300 text-base"
                href="/affiliates"
              >
                Affiliates
              </a>
              <a
                class="text-gray-700 hover:text-[#5C1B23] transition-colors duration-300 text-base"
                href="/blog"
              >
                Blog
              </a>
              <a
                class="text-gray-700 hover:text-[#5C1B23] transition-colors duration-300 text-base"
                href="/gallery"
              >
                Gallery
              </a>
              <a
                class="text-gray-700 hover:text-[#5C1B23] transition-colors duration-300 text-base"
                href="/contact-us"
              >
                Contact
              </a>
            </nav>
          </div>
          <div
            class="lg:hidden flex items-center justify-end h-full gap-4"
          >
            <button
              aria-label="Open search"
              class="text-gray-600 hover:text-[#5C1B23]"
            >
              <svg
                aria-hidden="true"
                class="lucide lucide-search"
                fill="none"
                height="24"
                stroke="currentColor"
                stroke-linecap="round"
                stroke-linejoin="round"
                stroke-width="2"
                viewBox="0 0 24 24"
                width="24"
                xmlns="http://www.w3.org/2000/svg"
              >
                <path
                  d="m21 21-4.34-4.34"
                />
                <circle
                  cx="11"
                  cy="11"
                  r="8"
                />
              </svg>
            </button>
            <button
              aria-label="Open menu"
              class="text-gray-600 hover:text-[#5C1B23]"
            >
              <svg
                aria-hidden="true"
                class="lucide lucide-menu"
                fill="none"
                height="28"
                stroke="currentColor"
                stroke-linecap="round"
                stroke-linejoin="round"
                stroke-width="2"
                viewBox="0 0 24 24"
                width="28"
                xmlns="http://www.w3.org/2000/svg"
              >
                <path
                  d="M4 12h16"
                />
                <path
                  d="M4 18h16"
                />
                <path
                  d="M4 6h16"
                />
              </svg>
            </button>
          </div>
        </div>
      </div>
    </div>
  </header>
</div>
`;
